🧪 Running E2E tests...

📊 Test Results:
================

❌ TESTS FAILED

Error details:
 ⨯ [Error: [object Object]] { digest: '3037814016' }
Current URL after registration: http://localhost:3001/register
On unexpected page: http://localhost:3001/register
Performing login...
 ⨯ [Error: [object Object]] { digest: '3037814016' }
Waiting for redirect after login...
Current URL after login attempt: http://localhost:3001/login
Retry login attempt 1
Error in global setup: page.fill: Timeout 45000ms exceeded.
Call log:
--
TimeoutError: page.fill: Timeout 45000ms exceeded.
Call log:
[2m  - waiting for locator('input[name="email"]')[22m


   at e2e-tests/global-setup.ts:84
